/bin/bash: line 1: ./scripts/build.sh: cannot execute: required file not found
